// Jest Snapshot v1, https://goo.gl/fbAQLP

exports[`<CreatePollComponent /> should render correctly 1`] = `
<div>
  <Typography
    component="h1"
    text="Create New Poll"
  />
  <Form
    id={1}
    onSubmit={[Function]}
  >
    <Component
      id={1}
      label="title"
      onChange={[Function]}
      type="text"
    />
    <div
      className="form-wrapper--remove"
    >
      <Component
        id={0}
        label="option"
        onChange={[Function]}
        type="text"
        value="option1"
      />
      <button
        onClick={[Function]}
        style={
          Object {
            "alignSelf": "center",
            "backgroundColor": "lightgrey",
          }
        }
      >
        x
      </button>
    </div>
    <div
      className="form-wrapper--remove"
    >
      <Component
        id={1}
        label="option"
        onChange={[Function]}
        type="text"
        value="option2"
      />
      <button
        onClick={[Function]}
        style={
          Object {
            "alignSelf": "center",
            "backgroundColor": "lightgrey",
          }
        }
      >
        x
      </button>
    </div>
    <div
      className="form-wrapper--remove"
    >
      <Component
        id={2}
        label="option"
        onChange={[Function]}
        type="text"
        value="option3"
      />
      <button
        onClick={[Function]}
        style={
          Object {
            "alignSelf": "center",
            "backgroundColor": "lightgrey",
          }
        }
      >
        x
      </button>
    </div>
    <button
      onClick={[Function]}
      type="button"
    >
      Add option
    </button>
  </Form>
</div>
`;
