// Jest Snapshot v1, https://goo.gl/fbAQLP

exports[`<HomepageComponent /> should render correctly 1`] = `
ShallowWrapper {
  "length": 1,
  Symbol(enzyme.__root__): [Circular],
  Symbol(enzyme.__unrendered__): <LoginComponent />,
  Symbol(enzyme.__renderer__): Object {
    "batchedUpdates": [Function],
    "getNode": [Function],
    "render": [Function],
    "simulateEvent": [Function],
    "unmount": [Function],
  },
  Symbol(enzyme.__node__): Object {
    "instance": null,
    "key": undefined,
    "nodeType": "host",
    "props": Object {
      "children": Array [
        <Typography
          component="h1"
          text="Login"
/>,
        <Form
          onSubmit={[Function]}
>
          <Unknown
                    id={1}
                    label="username"
                    onChange={[Function]}
                    type="text"
                    value=""
          />
          <Unknown
                    id={2}
                    label="password"
                    onChange={[Function]}
                    type="password"
                    value=""
          />
</Form>,
      ],
    },
    "ref": null,
    "rendered": Array [
      Object {
        "instance": null,
        "key": undefined,
        "nodeType": "function",
        "props": Object {
          "component": "h1",
          "text": "Login",
        },
        "ref": null,
        "rendered": null,
        "type": [Function],
      },
      Object {
        "instance": null,
        "key": undefined,
        "nodeType": "function",
        "props": Object {
          "children": Array [
            <Unknown
              id={1}
              label="username"
              onChange={[Function]}
              type="text"
              value=""
/>,
            <Unknown
              id={2}
              label="password"
              onChange={[Function]}
              type="password"
              value=""
/>,
          ],
          "onSubmit": [Function],
        },
        "ref": null,
        "rendered": Array [
          Object {
            "instance": null,
            "key": undefined,
            "nodeType": "function",
            "props": Object {
              "id": 1,
              "label": "username",
              "onChange": [Function],
              "type": "text",
              "value": "",
            },
            "ref": null,
            "rendered": null,
            "type": [Function],
          },
          Object {
            "instance": null,
            "key": undefined,
            "nodeType": "function",
            "props": Object {
              "id": 2,
              "label": "password",
              "onChange": [Function],
              "type": "password",
              "value": "",
            },
            "ref": null,
            "rendered": null,
            "type": [Function],
          },
        ],
        "type": [Function],
      },
    ],
    "type": "div",
  },
  Symbol(enzyme.__nodes__): Array [
    Object {
      "instance": null,
      "key": undefined,
      "nodeType": "host",
      "props": Object {
        "children": Array [
          <Typography
            component="h1"
            text="Login"
/>,
          <Form
            onSubmit={[Function]}
>
            <Unknown
                        id={1}
                        label="username"
                        onChange={[Function]}
                        type="text"
                        value=""
            />
            <Unknown
                        id={2}
                        label="password"
                        onChange={[Function]}
                        type="password"
                        value=""
            />
</Form>,
        ],
      },
      "ref": null,
      "rendered": Array [
        Object {
          "instance": null,
          "key": undefined,
          "nodeType": "function",
          "props": Object {
            "component": "h1",
            "text": "Login",
          },
          "ref": null,
          "rendered": null,
          "type": [Function],
        },
        Object {
          "instance": null,
          "key": undefined,
          "nodeType": "function",
          "props": Object {
            "children": Array [
              <Unknown
                id={1}
                label="username"
                onChange={[Function]}
                type="text"
                value=""
/>,
              <Unknown
                id={2}
                label="password"
                onChange={[Function]}
                type="password"
                value=""
/>,
            ],
            "onSubmit": [Function],
          },
          "ref": null,
          "rendered": Array [
            Object {
              "instance": null,
              "key": undefined,
              "nodeType": "function",
              "props": Object {
                "id": 1,
                "label": "username",
                "onChange": [Function],
                "type": "text",
                "value": "",
              },
              "ref": null,
              "rendered": null,
              "type": [Function],
            },
            Object {
              "instance": null,
              "key": undefined,
              "nodeType": "function",
              "props": Object {
                "id": 2,
                "label": "password",
                "onChange": [Function],
                "type": "password",
                "value": "",
              },
              "ref": null,
              "rendered": null,
              "type": [Function],
            },
          ],
          "type": [Function],
        },
      ],
      "type": "div",
    },
  ],
  Symbol(enzyme.__options__): Object {
    "adapter": ReactSixteenAdapter {
      "options": Object {
        "enableComponentDidUpdateOnSetState": true,
      },
    },
  },
}
`;
