// Jest Snapshot v1, https://goo.gl/fbAQLP

exports[`<Appbar /> should render correctly 1`] = `
ShallowWrapper {
  "length": 1,
  Symbol(enzyme.__root__): [Circular],
  Symbol(enzyme.__unrendered__): <Appbar />,
  Symbol(enzyme.__renderer__): Object {
    "batchedUpdates": [Function],
    "getNode": [Function],
    "render": [Function],
    "simulateEvent": [Function],
    "unmount": [Function],
  },
  Symbol(enzyme.__node__): Object {
    "instance": null,
    "key": undefined,
    "nodeType": "host",
    "props": Object {
      "children": Array [
        <Button
          className="appbar__button"
          component="button"
          modifiers={
                    Array [
                              "stroked",
                            ]
          }
          onClick={undefined}
>
          Menu
</Button>,
        <Button
          className="appbar__button"
          component={[Function]}
          modifiers={
                    Array [
                              "stroked",
                            ]
          }
          to="/"
>
          Home
</Button>,
      ],
      "className": "appbar",
    },
    "ref": null,
    "rendered": Array [
      Object {
        "instance": null,
        "key": undefined,
        "nodeType": "function",
        "props": Object {
          "children": "Menu",
          "className": "appbar__button",
          "component": "button",
          "modifiers": Array [
            "stroked",
          ],
          "onClick": undefined,
        },
        "ref": null,
        "rendered": "Menu",
        "type": [Function],
      },
      Object {
        "instance": null,
        "key": undefined,
        "nodeType": "function",
        "props": Object {
          "children": "Home",
          "className": "appbar__button",
          "component": [Function],
          "modifiers": Array [
            "stroked",
          ],
          "to": "/",
        },
        "ref": null,
        "rendered": "Home",
        "type": [Function],
      },
    ],
    "type": "div",
  },
  Symbol(enzyme.__nodes__): Array [
    Object {
      "instance": null,
      "key": undefined,
      "nodeType": "host",
      "props": Object {
        "children": Array [
          <Button
            className="appbar__button"
            component="button"
            modifiers={
                        Array [
                                    "stroked",
                                  ]
            }
            onClick={undefined}
>
            Menu
</Button>,
          <Button
            className="appbar__button"
            component={[Function]}
            modifiers={
                        Array [
                                    "stroked",
                                  ]
            }
            to="/"
>
            Home
</Button>,
        ],
        "className": "appbar",
      },
      "ref": null,
      "rendered": Array [
        Object {
          "instance": null,
          "key": undefined,
          "nodeType": "function",
          "props": Object {
            "children": "Menu",
            "className": "appbar__button",
            "component": "button",
            "modifiers": Array [
              "stroked",
            ],
            "onClick": undefined,
          },
          "ref": null,
          "rendered": "Menu",
          "type": [Function],
        },
        Object {
          "instance": null,
          "key": undefined,
          "nodeType": "function",
          "props": Object {
            "children": "Home",
            "className": "appbar__button",
            "component": [Function],
            "modifiers": Array [
              "stroked",
            ],
            "to": "/",
          },
          "ref": null,
          "rendered": "Home",
          "type": [Function],
        },
      ],
      "type": "div",
    },
  ],
  Symbol(enzyme.__options__): Object {
    "adapter": ReactSixteenAdapter {
      "options": Object {
        "enableComponentDidUpdateOnSetState": true,
      },
    },
  },
}
`;
