// Jest Snapshot v1, https://goo.gl/fbAQLP

exports[`<Appbar /> should render correctly 1`] = `
<div
  className="appbar"
>
  <Button
    className="appbar__button appbar__button--menu"
    component="button"
    modifiers={
      Array [
        "stroked",
      ]
    }
  >
    Menu
  </Button>
  <Button
    className="appbar__button"
    component={[Function]}
    modifiers={
      Array [
        "stroked",
      ]
    }
    to="/"
  >
    Home
  </Button>
</div>
`;
