// Jest Snapshot v1, https://goo.gl/fbAQLP

exports[`<DrawerComponent /> should render correclty 1`] = `
<div
  className="drawer-wrapper"
>
  <div
    className="drawer-base drawer drawer--hidden"
  >
    <List
      modifiers={Array []}
    >
      <Component
        modifiers={Array []}
      >
        <Button
          className=""
          component="button"
          modifiers={Array []}
        >
          Profile
        </Button>
      </Component>
      <Component
        modifiers={Array []}
      >
        <Button
          className=""
          component="button"
          modifiers={Array []}
        >
          New
        </Button>
      </Component>
      <Component
        modifiers={Array []}
      >
        <Button
          className=""
          component="button"
          modifiers={Array []}
        >
          Logout
        </Button>
      </Component>
    </List>
  </div>
  <div
    className="drawer-base not-drawer not-drawer--hidden"
  />
</div>
`;
