// Jest Snapshot v1, https://goo.gl/fbAQLP

exports[`<HomepageComponent /> should render correctly 1`] = `
<div>
  <Typography
    component="h1"
    text="All polls"
  />
  <List
    modifiers={
      Array [
        "bordered",
      ]
    }
  >
    <Component
      modifiers={Array []}
    >
      <Button
        className=""
        component={[Function]}
        modifiers={
          Array [
            "align-left",
          ]
        }
        to="/polls/1"
      >
        Test
      </Button>
    </Component>
    <Component
      modifiers={Array []}
    >
      <Button
        className=""
        component={[Function]}
        modifiers={
          Array [
            "align-left",
          ]
        }
        to="/polls/2"
      >
        Test
      </Button>
    </Component>
    <Component
      modifiers={Array []}
    >
      <Button
        className=""
        component={[Function]}
        modifiers={
          Array [
            "align-left",
          ]
        }
        to="/polls/3"
      >
        Test
      </Button>
    </Component>
  </List>
</div>
`;
